// Jest Snapshot v1, https://goo.gl/fbAQLP

exports[`matches snapshot 1`] = `
<button
  data-testid="login-button"
  id="login-button"
>
  Login
</button>
`;
